// Vitest Snapshot v1, https://vitest.dev/guide/snapshot.html

exports[`Footer > renders footer 1`] = `
{
  "asFragment": [Function],
  "baseElement": <body>
    <div>
      <footer
        class="css-txnbr9"
      >
        <div
          class="MuiStack-root css-1r16e-MuiStack-root"
        >
          <div
            class="MuiStack-root css-1ralu9w-MuiStack-root"
          >
            <a
              class="css-ytumd6"
              href="https://www.instagram.com/"
            >
              <img
                alt="instagram logo"
                class="css-1f1jesu"
                src="/src/assets/instagram.png"
              />
            </a>
            <a
              class="css-ytumd6"
              href="https://www.facebook.com/"
            >
              <img
                alt="facebook logo"
                class="css-1f1jesu"
                src="/src/assets/facebook.png"
              />
            </a>
          </div>
          <div
            class="MuiStack-root css-1rf2zra-MuiStack-root"
          >
            <p
              class="MuiTypography-root MuiTypography-body1 css-11x867o-MuiTypography-root"
            >
              contact@leftovers.com
            </p>
            <hr
              class="MuiDivider-root MuiDivider-fullWidth MuiDivider-vertical MuiDivider-flexItem css-1tk1bks-MuiDivider-root"
            />
            <a
              class="css-ytumd6"
              href="#"
            >
              <p
                class="MuiTypography-root MuiTypography-body1 css-1u0dmiv-MuiTypography-root"
              >
                Terms of Services
              </p>
            </a>
            <hr
              class="MuiDivider-root MuiDivider-fullWidth MuiDivider-vertical MuiDivider-flexItem css-1tk1bks-MuiDivider-root"
            />
            <a
              class="css-ytumd6"
              href="#"
            >
              <p
                class="MuiTypography-root MuiTypography-body1 css-1u0dmiv-MuiTypography-root"
              >
                Privacy Policy
              </p>
            </a>
          </div>
        </div>
        <p
          class="MuiTypography-root MuiTypography-body1 css-11x867o-MuiTypography-root"
        >
          powered by 
          <span
            class="css-1081t4c"
          >
            BotAI
          </span>
        </p>
      </footer>
    </div>
  </body>,
  "container": <div>
    <footer
      class="css-txnbr9"
    >
      <div
        class="MuiStack-root css-1r16e-MuiStack-root"
      >
        <div
          class="MuiStack-root css-1ralu9w-MuiStack-root"
        >
          <a
            class="css-ytumd6"
            href="https://www.instagram.com/"
          >
            <img
              alt="instagram logo"
              class="css-1f1jesu"
              src="/src/assets/instagram.png"
            />
          </a>
          <a
            class="css-ytumd6"
            href="https://www.facebook.com/"
          >
            <img
              alt="facebook logo"
              class="css-1f1jesu"
              src="/src/assets/facebook.png"
            />
          </a>
        </div>
        <div
          class="MuiStack-root css-1rf2zra-MuiStack-root"
        >
          <p
            class="MuiTypography-root MuiTypography-body1 css-11x867o-MuiTypography-root"
          >
            contact@leftovers.com
          </p>
          <hr
            class="MuiDivider-root MuiDivider-fullWidth MuiDivider-vertical MuiDivider-flexItem css-1tk1bks-MuiDivider-root"
          />
          <a
            class="css-ytumd6"
            href="#"
          >
            <p
              class="MuiTypography-root MuiTypography-body1 css-1u0dmiv-MuiTypography-root"
            >
              Terms of Services
            </p>
          </a>
          <hr
            class="MuiDivider-root MuiDivider-fullWidth MuiDivider-vertical MuiDivider-flexItem css-1tk1bks-MuiDivider-root"
          />
          <a
            class="css-ytumd6"
            href="#"
          >
            <p
              class="MuiTypography-root MuiTypography-body1 css-1u0dmiv-MuiTypography-root"
            >
              Privacy Policy
            </p>
          </a>
        </div>
      </div>
      <p
        class="MuiTypography-root MuiTypography-body1 css-11x867o-MuiTypography-root"
      >
        powered by 
        <span
          class="css-1081t4c"
        >
          BotAI
        </span>
      </p>
    </footer>
  </div>,
  "debug": [Function],
  "findAllByAltText": [Function],
  "findAllByDisplayValue": [Function],
  "findAllByLabelText": [Function],
  "findAllByPlaceholderText": [Function],
  "findAllByRole": [Function],
  "findAllByTestId": [Function],
  "findAllByText": [Function],
  "findAllByTitle": [Function],
  "findByAltText": [Function],
  "findByDisplayValue": [Function],
  "findByLabelText": [Function],
  "findByPlaceholderText": [Function],
  "findByRole": [Function],
  "findByTestId": [Function],
  "findByText": [Function],
  "findByTitle": [Function],
  "getAllByAltText": [Function],
  "getAllByDisplayValue": [Function],
  "getAllByLabelText": [Function],
  "getAllByPlaceholderText": [Function],
  "getAllByRole": [Function],
  "getAllByTestId": [Function],
  "getAllByText": [Function],
  "getAllByTitle": [Function],
  "getByAltText": [Function],
  "getByDisplayValue": [Function],
  "getByLabelText": [Function],
  "getByPlaceholderText": [Function],
  "getByRole": [Function],
  "getByTestId": [Function],
  "getByText": [Function],
  "getByTitle": [Function],
  "queryAllByAltText": [Function],
  "queryAllByDisplayValue": [Function],
  "queryAllByLabelText": [Function],
  "queryAllByPlaceholderText": [Function],
  "queryAllByRole": [Function],
  "queryAllByTestId": [Function],
  "queryAllByText": [Function],
  "queryAllByTitle": [Function],
  "queryByAltText": [Function],
  "queryByDisplayValue": [Function],
  "queryByLabelText": [Function],
  "queryByPlaceholderText": [Function],
  "queryByRole": [Function],
  "queryByTestId": [Function],
  "queryByText": [Function],
  "queryByTitle": [Function],
  "rerender": [Function],
  "unmount": [Function],
}
`;
